2025-04-12 22:25:50 INFO  [io.quarkus] api-formula-1 1.0.0-SNAPSHOT on JVM (powered by Quarkus 3.21.2) started in 0.520s. Listening on: http://localhost:8080
2025-04-12 22:25:50 INFO  [io.quarkus] Profile dev activated. Live Coding activated.
2025-04-12 22:25:50 INFO  [io.quarkus] Installed features: [agroal, cdi, hibernate-orm, hibernate-orm-panache, jdbc-postgresql, narayana-jta, rest, rest-jackson, smallrye-context-propagation, smallrye-openapi, swagger-ui, vertx]
2025-04-12 22:25:50 INFO  [io.quarkus.deployment.dev.RuntimeUpdatesProcessor] Live reload total time: 1.355s 
2025-04-12 22:25:50 ERROR [io.quarkus.hibernate.orm.runtime.schema.SchemaManagementIntegrator] Failed to validate Schema: Schema-validation: wrong column type encountered in column [fecha_nacimiento] in table [public.pilotos]; found [date (Types#DATE)], but expecting [timestamp(6) (Types#TIMESTAMP)]
2025-04-12 22:25:50 ERROR [io.quarkus.hibernate.orm.runtime.schema.SchemaManagementIntegrator] The following SQL may resolve the database issues, as generated by the Hibernate schema migration tool. WARNING: You must manually verify this SQL is correct, this is a best effort guess, do not copy/paste it without verifying that it does what you expect.


    alter table if exists public.equipos 
       alter column descripcion set data type varchar(255);

    alter table if exists public.equipos 
       alter column jefe_equipo set data type varchar(255);

    alter table if exists public.equipos 
       alter column motor set data type varchar(255);

    alter table if exists public.equipos 
       alter column nombre set data type varchar(255);

    alter table if exists public.equipos 
       alter column pais set data type varchar(255);

    alter table if exists public.pilotos 
       alter column apellido set data type varchar(255);

    alter table if exists public.pilotos 
       alter column descripcion set data type varchar(255);

    alter table if exists public.pilotos 
       alter column fecha_nacimiento set data type timestamp(6);

    alter table if exists public.pilotos 
       alter column nacionalidad set data type varchar(255);

    alter table if exists public.pilotos 
       alter column nombre set data type varchar(255);

2025-04-12 22:25:54 DEBUG [org.elias.servicio.ServicioEquipos] TransferibleEquipos{id=1, nombre='Ferrari', pais='Italia', jefeEquipo='Frédéric Vasseur', motor='Ferrari', descripcion='Equipo histórico con múltiples campeonatos.', pilotos=[org.elias.modelo.Pilotos@16cdb080, org.elias.modelo.Pilotos@487fffc8]}
2025-04-12 22:25:54 DEBUG [org.elias.servicio.ServicioEquipos] TransferibleEquipos{id=2, nombre='Aston Martin', pais='Reino Unido', jefeEquipo='Mike Krack', motor='Mercedes', descripcion='Proyecto ambicioso con Fernando Alonso al frente.', pilotos=[org.elias.modelo.Pilotos@1ad2cca2, org.elias.modelo.Pilotos@5ee1b8c9]}
2025-04-12 22:25:54 DEBUG [org.elias.servicio.ServicioEquipos] TransferibleEquipos{id=3, nombre='McLaren', pais='Reino Unido', jefeEquipo='Andrea Stella', motor='Mercedes', descripcion='Equipo joven y con gran proyección.', pilotos=[org.elias.modelo.Pilotos@de7b14f, org.elias.modelo.Pilotos@7195f98e]}
2025-04-12 22:25:54 DEBUG [org.elias.servicio.ServicioEquipos] TransferibleEquipos{id=4, nombre='Mercedes', pais='Alemania', jefeEquipo='Toto Wolff', motor='Mercedes', descripcion='Equipo dominante en la era híbrida.', pilotos=[org.elias.modelo.Pilotos@7dae9cc2, org.elias.modelo.Pilotos@2eda544e]}
2025-04-12 22:25:54 DEBUG [org.elias.servicio.ServicioEquipos] TransferibleEquipos{id=5, nombre='Red Bull Racing', pais='Austria', jefeEquipo='Christian Horner', motor='Honda (RBPT)', descripcion='Actual equipo campeón con Verstappen.', pilotos=[org.elias.modelo.Pilotos@1e87e513, org.elias.modelo.Pilotos@400026c4]}
2025-04-12 22:25:54 DEBUG [org.elias.servicio.ServicioEquipos] TransferibleEquipos{id=6, nombre='Racing Bulls', pais='Italia', jefeEquipo='Laurent Mekies', motor='Honda (RBPT)', descripcion='Equipo filial de Red Bull.', pilotos=[org.elias.modelo.Pilotos@49c1ea8a, org.elias.modelo.Pilotos@35c5afd8]}
2025-04-12 22:25:54 DEBUG [org.elias.servicio.ServicioEquipos] TransferibleEquipos{id=7, nombre='Sauber (Audi)', pais='Suiza', jefeEquipo='Andreas Seidl', motor='Audi', descripcion='Equipo transición a Audi oficial en 2026.', pilotos=[org.elias.modelo.Pilotos@14cb6b0e, org.elias.modelo.Pilotos@55bc5955]}
2025-04-12 22:25:54 DEBUG [org.elias.servicio.ServicioEquipos] TransferibleEquipos{id=8, nombre='Williams', pais='Reino Unido', jefeEquipo='James Vowles', motor='Mercedes', descripcion='Equipo histórico en recuperación.', pilotos=[org.elias.modelo.Pilotos@13ef7cd2, org.elias.modelo.Pilotos@bccba18]}
2025-04-12 22:25:54 DEBUG [org.elias.servicio.ServicioEquipos] TransferibleEquipos{id=9, nombre='Haas', pais='EE.UU.', jefeEquipo='Ayao Komatsu', motor='Ferrari', descripcion='Equipo estadounidense con pilotos jóvenes.', pilotos=[org.elias.modelo.Pilotos@44103374, org.elias.modelo.Pilotos@73d1bc52]}
2025-04-12 22:25:54 DEBUG [org.elias.servicio.ServicioEquipos] TransferibleEquipos{id=10, nombre='Alpine', pais='Francia', jefeEquipo='Bruno Famin', motor='Renault', descripcion='Equipo francés con enfoque renovado.', pilotos=[org.elias.modelo.Pilotos@1b304716, org.elias.modelo.Pilotos@75422212]}
2025-04-12 22:25:54 DEBUG [org.elias.recurso.RecursoEquipos] Total de equipos 10
2025-04-12 22:26:56 DEBUG [org.elias.servicio.ServicioPilotos] TransferiblePilotos{id=1, nombre='Charles', apellido='Leclerc', nacionalidad='Mónaco', fechaNacimiento=1997-10-16 00:00:00.0, descripcion='Piloto rápido y carismático, estrella de Ferrari.', numero=16, equipo=org.elias.modelo.Equipos@1bf5af98}
2025-04-12 22:26:56 DEBUG [org.elias.servicio.ServicioPilotos] TransferiblePilotos{id=2, nombre='Lewis', apellido='Hamilton', nacionalidad='Reino Unido', fechaNacimiento=1985-01-07 00:00:00.0, descripcion='Múltiple campeón mundial, se une a Ferrari en 2025.', numero=44, equipo=org.elias.modelo.Equipos@1bf5af98}
2025-04-12 22:26:56 DEBUG [org.elias.servicio.ServicioPilotos] TransferiblePilotos{id=3, nombre='Fernando', apellido='Alonso', nacionalidad='España', fechaNacimiento=1981-07-29 00:00:00.0, descripcion='Veterano competitivo con gran experiencia.', numero=14, equipo=org.elias.modelo.Equipos@41f89da1}
2025-04-12 22:26:56 DEBUG [org.elias.servicio.ServicioPilotos] TransferiblePilotos{id=4, nombre='Lance', apellido='Stroll', nacionalidad='Canadá', fechaNacimiento=1998-10-29 00:00:00.0, descripcion='Piloto canadiense e hijo del propietario del equipo.', numero=18, equipo=org.elias.modelo.Equipos@41f89da1}
2025-04-12 22:26:56 DEBUG [org.elias.servicio.ServicioPilotos] TransferiblePilotos{id=5, nombre='Lando', apellido='Norris', nacionalidad='Reino Unido', fechaNacimiento=1999-11-13 00:00:00.0, descripcion='Rápido, joven y muy popular en redes sociales.', numero=4, equipo=org.elias.modelo.Equipos@18f2a897}
2025-04-12 22:26:56 DEBUG [org.elias.servicio.ServicioPilotos] TransferiblePilotos{id=6, nombre='Oscar', apellido='Piastri', nacionalidad='Australia', fechaNacimiento=2001-04-06 00:00:00.0, descripcion='Campeón de F2, gran talento emergente.', numero=81, equipo=org.elias.modelo.Equipos@18f2a897}
2025-04-12 22:26:56 DEBUG [org.elias.servicio.ServicioPilotos] TransferiblePilotos{id=7, nombre='George', apellido='Russell', nacionalidad='Reino Unido', fechaNacimiento=1998-02-15 00:00:00.0, descripcion='Piloto británico con mucho potencial.', numero=63, equipo=org.elias.modelo.Equipos@6877dced}
2025-04-12 22:26:56 DEBUG [org.elias.servicio.ServicioPilotos] TransferiblePilotos{id=8, nombre='Andrea Kimi', apellido='Antonelli', nacionalidad='Italia', fechaNacimiento=2006-08-25 00:00:00.0, descripcion='Joven promesa italiana, sube desde F2.', numero=50, equipo=org.elias.modelo.Equipos@6877dced}
2025-04-12 22:26:56 DEBUG [org.elias.servicio.ServicioPilotos] TransferiblePilotos{id=9, nombre='Max', apellido='Verstappen', nacionalidad='Países Bajos', fechaNacimiento=1997-09-30 00:00:00.0, descripcion='Actual campeón mundial.', numero=1, equipo=org.elias.modelo.Equipos@2eb0d518}
2025-04-12 22:26:56 DEBUG [org.elias.servicio.ServicioPilotos] TransferiblePilotos{id=10, nombre='Yuki', apellido='Tsunoda', nacionalidad='Japón', fechaNacimiento=2000-05-11 00:00:00.0, descripcion='Rápido y carismático, asciende a Red Bull.', numero=22, equipo=org.elias.modelo.Equipos@2eb0d518}
2025-04-12 22:26:56 DEBUG [org.elias.servicio.ServicioPilotos] TransferiblePilotos{id=11, nombre='Liam', apellido='Lawson', nacionalidad='Nueva Zelanda', fechaNacimiento=2002-02-11 00:00:00.0, descripcion='Piloto con buen rendimiento cuando reemplazó a Ricciardo.', numero=40, equipo=org.elias.modelo.Equipos@6b5099c6}
2025-04-12 22:26:56 DEBUG [org.elias.servicio.ServicioPilotos] TransferiblePilotos{id=12, nombre='Isack', apellido='Hadjar', nacionalidad='Francia', fechaNacimiento=2004-09-28 00:00:00.0, descripcion='Piloto joven promovido desde F2.', numero=20, equipo=org.elias.modelo.Equipos@6b5099c6}
2025-04-12 22:26:56 DEBUG [org.elias.servicio.ServicioPilotos] TransferiblePilotos{id=13, nombre='Nico', apellido='Hülkenberg', nacionalidad='Alemania', fechaNacimiento=1987-08-19 00:00:00.0, descripcion='Veterano con gran experiencia.', numero=27, equipo=org.elias.modelo.Equipos@4863dfb8}
2025-04-12 22:26:56 DEBUG [org.elias.servicio.ServicioPilotos] TransferiblePilotos{id=14, nombre='Gabriel', apellido='Bortoleto', nacionalidad='Brasil', fechaNacimiento=2004-10-14 00:00:00.0, descripcion='Campeón de F2, novato en F1.', numero=42, equipo=org.elias.modelo.Equipos@4863dfb8}
2025-04-12 22:26:56 DEBUG [org.elias.servicio.ServicioPilotos] TransferiblePilotos{id=15, nombre='Carlos', apellido='Sainz', nacionalidad='España', fechaNacimiento=1994-09-01 00:00:00.0, descripcion='De Ferrari a Williams en 2025.', numero=55, equipo=org.elias.modelo.Equipos@4197f3f}
2025-04-12 22:26:56 DEBUG [org.elias.servicio.ServicioPilotos] TransferiblePilotos{id=16, nombre='Alexander', apellido='Albon', nacionalidad='Tailandia', fechaNacimiento=1996-03-23 00:00:00.0, descripcion='Rendimiento consistente y sólido.', numero=23, equipo=org.elias.modelo.Equipos@4197f3f}
2025-04-12 22:26:56 DEBUG [org.elias.servicio.ServicioPilotos] TransferiblePilotos{id=17, nombre='Esteban', apellido='Ocon', nacionalidad='Francia', fechaNacimiento=1996-09-17 00:00:00.0, descripcion='De Alpine a Haas buscando estabilidad.', numero=31, equipo=org.elias.modelo.Equipos@40efece4}
2025-04-12 22:26:56 DEBUG [org.elias.servicio.ServicioPilotos] TransferiblePilotos{id=18, nombre='Oliver', apellido='Bearman', nacionalidad='Reino Unido', fechaNacimiento=2005-05-08 00:00:00.0, descripcion='Gran actuación como reemplazo de Sainz en 2024.', numero=87, equipo=org.elias.modelo.Equipos@40efece4}
2025-04-12 22:26:56 DEBUG [org.elias.servicio.ServicioPilotos] TransferiblePilotos{id=19, nombre='Pierre', apellido='Gasly', nacionalidad='Francia', fechaNacimiento=1996-02-07 00:00:00.0, descripcion='Consistente y competitivo.', numero=10, equipo=org.elias.modelo.Equipos@5a44b629}
2025-04-12 22:26:56 DEBUG [org.elias.servicio.ServicioPilotos] TransferiblePilotos{id=20, nombre='Jack', apellido='Doohan', nacionalidad='Australia', fechaNacimiento=2003-01-20 00:00:00.0, descripcion='Joven australiano con futuro prometedor.', numero=3, equipo=org.elias.modelo.Equipos@5a44b629}
2025-04-12 22:26:56 DEBUG [org.elias.recurso.RecursoPilotos] Total de pilotos 20
